student@student-ThinkCentre-M73z:~$ mysql -u root -p
Enter password: 
Welcome to the MySQL monitor.  Commands end with ; or \g.
Your MySQL connection id is 4
Server version: 5.7.33-0ubuntu0.16.04.1 (Ubuntu)

Copyright (c) 2000, 2021, Oracle and/or its affiliates.

Oracle is a registered trademark of Oracle Corporation and/or its
affiliates. Other names may be trademarks of their respective
owners.

Type 'help;' or '\h' for help. Type '\c' to clear the current input statement.

mysql> show databases;
+--------------------+
| Database           |
+--------------------+
| information_schema |
| LibraryManagement  |
| User               |
| customer           |
| mysql              |
| performance_schema |
| sys                |
| user               |
+--------------------+
8 rows in set (0.10 sec)

mysql> create database Test;
Query OK, 1 row affected (0.00 sec)

mysql> use Test;
cDatabase changed
mysql> create table O_rollcall (Name varchar(20), rno int(5), Address varchar(50));
Query OK, 0 rows affected (0.31 sec)

mysql> create table N_rollcall (Name varchar(20), rno int(5), Address varchar(50));
Query OK, 0 rows affected (0.18 sec)

mysql> insert into O_rollcall (Name, rno, Address) values ('Mayur Sonawane', 38, 'Indira Nagar');
Query OK, 1 row affected (0.06 sec)

mysql> insert into N_rollcall (Name, rno, Address) values ('Kayam Pathan', 5, 'Bhabha Nagar');
Query OK, 1 row affected (0.04 sec)

mysql> select * from O_rollcall;
+----------------+------+--------------+
| Name           | rno  | Address      |
+----------------+------+--------------+
| Mayur Sonawane |   38 | Indira Nagar |
+----------------+------+--------------+
1 row in set (0.00 sec)

mysql> select * from N_rollcall;
+--------------+------+--------------+
| Name         | rno  | Address      |
+--------------+------+--------------+
| Kayam Pathan |    5 | Bhabha Nagar |
+--------------+------+--------------+
1 row in set (0.00 sec)

mysql> delimiter $
mysql> create procedure newcur(in rno1 int(5))
    -> begin
    -> declare c1 cursor for select rno from O_rollcall where rno=rno1;
    -> open c1;
    -> fetch c1 into rno1;
    -> if not exists(select * from N_rollcall where rno=rno1) then insert into N_rollcall select * from O_rollcall where rno=rno1;
    -> end if;
    -> close c1;
    -> end;
    -> $ delimiter
Query OK, 0 rows affected (0.06 sec)

mysql> call newcur(5);
ERROR 1329 (02000): No data - zero rows fetched, selected, or processed
mysql> call newcur(38);
Query OK, 1 row affected (0.07 sec)

mysql> select * from N_rollcall;
+----------------+------+--------------+
| Name           | rno  | Address      |
+----------------+------+--------------+
| Kayam Pathan   |    5 | Bhabha Nagar |
| Mayur Sonawane |   38 | Indira Nagar |
+----------------+------+--------------+
2 rows in set (0.01 sec)

mysql> select * from O_rollcall;
+----------------+------+--------------+
| Name           | rno  | Address      |
+----------------+------+--------------+
| Mayur Sonawane |   38 | Indira Nagar |
+----------------+------+--------------+
1 row in set (0.00 sec)

mysql> 


